marco17@marco17-IdeaPad-Slim-3-15ARP10:~/Documentos/GitHub/Atividade-Pr-tica-Investigativa---Git-e-GitHub$ git status
No ramo feature-login
Your branch is up to date with 'origin/feature-login'.

Changes not staged for commit:
  (utilize "git add <arquivo>..." para atualizar o que será submetido)
  (use "git restore <file>..." to discard changes in working directory)
	modified:   main.py

nenhuma modificação adicionada à submissão (utilize "git add" e/ou "git commit -a")
marco17@marco17-IdeaPad-Slim-3-15ARP10:~/Documentos/GitHub/Atividade-Pr-tica-Investigativa---Git-e-GitHub$ git add main.py
marco17@marco17-IdeaPad-Slim-3-15ARP10:~/Documentos/GitHub/Atividade-Pr-tica-Investigativa---Git-e-GitHub$ git commit -m "Adiciona codigo na branch feature-login"
[feature-login 4236553] Adiciona codigo na branch feature-login
 1 file changed, 5 insertions(+), 1 deletion(-)
marco17@marco17-IdeaPad-Slim-3-15ARP10:~/Documentos/GitHub/Atividade-Pr-tica-Investigativa---Git-e-GitHub$ git switch main
Switched to branch 'main'
Your branch is up to date with 'origin/main'.
marco17@marco17-IdeaPad-Slim-3-15ARP10:~/Documentos/GitHub/Atividade-Pr-tica-Investigativa---Git-e-GitHub$ git add main.py
marco17@marco17-IdeaPad-Slim-3-15ARP10:~/Documentos/GitHub/Atividade-Pr-tica-Investigativa---Git-e-GitHub$ git commit -m "Altera a mesma linha na branch main"
[main ab68ca8] Altera a mesma linha na branch main
 1 file changed, 9 insertions(+), 1 deletion(-)
marco17@marco17-IdeaPad-Slim-3-15ARP10:~/Documentos/GitHub/Atividade-Pr-tica-Investigativa---Git-e-GitHub$ git merge feature-login
Mesclagem automática de main.py
CONFLITO (conteúdo): conflito de mesclagem em main.py
Automatic merge failed; fix conflicts and then commit the result.
marco17@marco17-IdeaPad-Slim-3-15ARP10:~/Documentos/GitHub/Atividade-Pr-tica-Investigativa---Git-e-GitHub$ git add main.py
marco17@marco17-IdeaPad-Slim-3-15ARP10:~/Documentos/GitHub/Atividade-Pr-tica-Investigativa---Git-e-GitHub$ git commit -m "Resolve conflito de merge entre a branch main e feature-login no main.py"
[main f187e87] Resolve conflito de merge entre a branch main e feature-login no main.py
marco17@marco17-IdeaPad-Slim-3-15ARP10:~/Documentos/GitHub/Atividade-Pr-tica-Investigativa---Git-e-GitHub$ 
marco17@marco17-IdeaPad-Slim-3-15ARP10:~/Documentos/GitHub/Atividade-Pr-tica-Investigativa---Git-e-GitHub$ git commit -m "Resolve conflito de merge entre a branch main e feature-login no main.py"



